0 verbose cli /usr/bin/node /usr/bin/npm
1 info using npm@9.2.0
2 info using node@v18.19.1
3 timing npm:load:whichnode Completed in 0ms
4 timing config:load:defaults Completed in 2ms
5 timing config:load:file:/usr/share/nodejs/npm/npmrc Completed in 6ms
6 timing config:load:builtin Completed in 6ms
7 timing config:load:cli Completed in 2ms
8 timing config:load:env Completed in 1ms
9 timing config:load:file:/root/festival/Backend/.npmrc Completed in 0ms
10 timing config:load:project Completed in 1ms
11 timing config:load:file:/root/.npmrc Completed in 0ms
12 timing config:load:user Completed in 0ms
13 timing config:load:file:/etc/npmrc Completed in 0ms
14 timing config:load:global Completed in 0ms
15 timing config:load:setEnvs Completed in 3ms
16 timing config:load Completed in 15ms
17 timing npm:load:configload Completed in 16ms
18 timing npm:load:mkdirpcache Completed in 0ms
19 timing npm:load:mkdirplogs Completed in 0ms
20 verbose title npm install nodemon
21 verbose argv "install" "--save-dev" "nodemon"
22 timing npm:load:setTitle Completed in 1ms
23 timing config:load:flatten Completed in 5ms
24 timing npm:load:display Completed in 6ms
25 verbose logfile logs-max:10 dir:/root/.npm/_logs/2026-01-30T12_00_26_143Z-
26 verbose logfile /root/.npm/_logs/2026-01-30T12_00_26_143Z-debug-0.log
27 timing npm:load:logFile Completed in 9ms
28 timing npm:load:timers Completed in 0ms
29 timing npm:load:configScope Completed in 0ms
30 timing npm:load Completed in 33ms
31 silly logfile start cleaning logs, removing 1 files
32 timing config:load:flatten Completed in 0ms
33 timing arborist:ctor Completed in 1ms
34 silly logfile done cleaning log files
35 timing idealTree:init Completed in 93ms
36 timing idealTree:userRequests Completed in 2ms
37 silly idealTree buildDeps
38 silly fetch manifest nodemon@^3.0.2
39 timing arborist:ctor Completed in 0ms
40 http fetch GET 200 https://registry.npmjs.org/nodemon 161ms (cache miss)
41 silly placeDep ROOT nodemon@3.1.11 OK for: festival-backend@1.0.0 want: ^3.0.2
42 silly fetch manifest chokidar@^3.5.2
43 silly fetch manifest debug@^4
44 silly fetch manifest ignore-by-default@^1.0.1
45 silly fetch manifest minimatch@^3.1.2
46 silly fetch manifest pstree.remy@^1.1.8
47 silly fetch manifest semver@^7.5.3
48 silly fetch manifest simple-update-notifier@^2.0.0
49 silly fetch manifest supports-color@^5.5.0
50 silly fetch manifest touch@^3.1.0
51 silly fetch manifest undefsafe@^2.0.5
52 http fetch GET 200 https://registry.npmjs.org/ignore-by-default 88ms (cache miss)
53 http fetch GET 200 https://registry.npmjs.org/chokidar 91ms (cache revalidated)
54 http fetch GET 200 https://registry.npmjs.org/touch 97ms (cache miss)
55 http fetch GET 200 https://registry.npmjs.org/pstree.remy 99ms (cache miss)
56 http fetch GET 200 https://registry.npmjs.org/debug 102ms (cache revalidated)
57 http fetch GET 200 https://registry.npmjs.org/simple-update-notifier 103ms (cache miss)
58 http fetch GET 200 https://registry.npmjs.org/semver 108ms (cache revalidated)
59 http fetch GET 200 https://registry.npmjs.org/supports-color 109ms (cache revalidated)
60 http fetch GET 200 https://registry.npmjs.org/minimatch 115ms (cache revalidated)
61 http fetch GET 200 https://registry.npmjs.org/undefsafe 114ms (cache miss)
62 timing idealTree:#root Completed in 296ms
63 silly placeDep ROOT chokidar@3.6.0 OK for: nodemon@3.1.11 want: ^3.5.2
64 silly placeDep node_modules/nodemon debug@4.4.3 OK for: nodemon@3.1.11 want: ^4
65 silly placeDep ROOT ignore-by-default@1.0.1 OK for: nodemon@3.1.11 want: ^1.0.1
66 silly placeDep ROOT minimatch@3.1.2 OK for: nodemon@3.1.11 want: ^3.1.2
67 silly placeDep ROOT pstree.remy@1.1.8 OK for: nodemon@3.1.11 want: ^1.1.8
68 silly placeDep ROOT semver@7.7.3 OK for: nodemon@3.1.11 want: ^7.5.3
69 silly placeDep ROOT simple-update-notifier@2.0.0 OK for: nodemon@3.1.11 want: ^2.0.0
70 silly placeDep ROOT supports-color@5.5.0 OK for: nodemon@3.1.11 want: ^5.5.0
71 silly placeDep ROOT touch@3.1.1 OK for: nodemon@3.1.11 want: ^3.1.0
72 silly placeDep ROOT undefsafe@2.0.5 OK for: nodemon@3.1.11 want: ^2.0.5
73 silly fetch manifest braces@~3.0.2
74 silly fetch manifest is-glob@~4.0.1
75 silly fetch manifest anymatch@~3.1.2
76 silly fetch manifest readdirp@~3.6.0
77 silly fetch manifest glob-parent@~5.1.2
78 silly fetch manifest is-binary-path@~2.1.0
79 silly fetch manifest normalize-path@~3.0.0
80 silly fetch manifest fsevents@~2.3.2
81 silly fetch manifest ms@^2.1.3
82 silly fetch manifest brace-expansion@^1.1.7
83 silly fetch manifest has-flag@^3.0.0
84 http fetch GET 200 https://registry.npmjs.org/braces 55ms (cache revalidated)
85 http fetch GET 200 https://registry.npmjs.org/is-glob 56ms (cache revalidated)
86 http fetch GET 200 https://registry.npmjs.org/readdirp 55ms (cache revalidated)
87 http fetch GET 200 https://registry.npmjs.org/glob-parent 58ms (cache revalidated)
88 http fetch GET 200 https://registry.npmjs.org/normalize-path 64ms (cache revalidated)
89 http fetch GET 200 https://registry.npmjs.org/ms 64ms (cache revalidated)
90 http fetch GET 200 https://registry.npmjs.org/fsevents 65ms (cache revalidated)
91 http fetch GET 200 https://registry.npmjs.org/is-binary-path 68ms (cache revalidated)
92 http fetch GET 200 https://registry.npmjs.org/brace-expansion 66ms (cache revalidated)
93 http fetch GET 200 https://registry.npmjs.org/has-flag 71ms (cache revalidated)
94 http fetch GET 200 https://registry.npmjs.org/anymatch 77ms (cache revalidated)
95 timing idealTree:node_modules/nodemon Completed in 95ms
96 silly placeDep ROOT anymatch@3.1.3 OK for: chokidar@3.6.0 want: ~3.1.2
97 silly placeDep ROOT braces@3.0.3 OK for: chokidar@3.6.0 want: ~3.0.2
98 silly placeDep ROOT fsevents@2.3.3 OK for: chokidar@3.6.0 want: ~2.3.2
99 silly placeDep ROOT glob-parent@5.1.2 OK for: chokidar@3.6.0 want: ~5.1.2
100 silly placeDep ROOT is-binary-path@2.1.0 OK for: chokidar@3.6.0 want: ~2.1.0
101 silly placeDep ROOT is-glob@4.0.3 OK for: chokidar@3.6.0 want: ~4.0.1
102 silly placeDep ROOT normalize-path@3.0.0 OK for: chokidar@3.6.0 want: ~3.0.0
103 silly placeDep ROOT readdirp@3.6.0 OK for: chokidar@3.6.0 want: ~3.6.0
104 silly fetch manifest picomatch@^2.0.4
105 silly fetch manifest fill-range@^7.1.1
106 silly fetch manifest binary-extensions@^2.0.0
107 silly fetch manifest is-extglob@^2.1.1
108 silly fetch manifest picomatch@^2.2.1
109 http fetch GET 200 https://registry.npmjs.org/picomatch 45ms (cache revalidated)
110 http fetch GET 200 https://registry.npmjs.org/binary-extensions 46ms (cache revalidated)
111 http fetch GET 200 https://registry.npmjs.org/fill-range 50ms (cache revalidated)
112 http fetch GET 200 https://registry.npmjs.org/is-extglob 49ms (cache revalidated)
113 http fetch GET 200 https://registry.npmjs.org/picomatch 58ms (cache revalidated)
114 timing idealTree:node_modules/chokidar Completed in 78ms
115 silly placeDep ROOT picomatch@2.3.1 OK for: anymatch@3.1.3 want: ^2.0.4
116 timing idealTree:node_modules/anymatch Completed in 1ms
117 silly placeDep ROOT fill-range@7.1.1 OK for: braces@3.0.3 want: ^7.1.1
118 silly fetch manifest to-regex-range@^5.0.1
119 http fetch GET 200 https://registry.npmjs.org/to-regex-range 26ms (cache revalidated)
120 timing idealTree:node_modules/braces Completed in 29ms
121 silly placeDep ROOT to-regex-range@5.0.1 OK for: fill-range@7.1.1 want: ^5.0.1
122 silly fetch manifest is-number@^7.0.0
123 http fetch GET 200 https://registry.npmjs.org/is-number 37ms (cache revalidated)
124 timing idealTree:node_modules/fill-range Completed in 41ms
125 timing idealTree:node_modules/fsevents Completed in 0ms
126 timing idealTree:node_modules/glob-parent Completed in 0ms
127 timing idealTree:node_modules/ignore-by-default Completed in 0ms
128 silly placeDep ROOT binary-extensions@2.3.0 OK for: is-binary-path@2.1.0 want: ^2.0.0
129 timing idealTree:node_modules/is-binary-path Completed in 2ms
130 timing idealTree:node_modules/binary-extensions Completed in 0ms
131 silly placeDep ROOT is-extglob@2.1.1 OK for: is-glob@4.0.3 want: ^2.1.1
132 timing idealTree:node_modules/is-glob Completed in 6ms
133 timing idealTree:node_modules/is-extglob Completed in 0ms
134 silly placeDep ROOT brace-expansion@1.1.12 OK for: minimatch@3.1.2 want: ^1.1.7
135 silly fetch manifest balanced-match@^1.0.0
136 silly fetch manifest concat-map@0.0.1
137 http fetch GET 200 https://registry.npmjs.org/concat-map 42ms (cache revalidated)
138 http fetch GET 200 https://registry.npmjs.org/balanced-match 45ms (cache revalidated)
139 timing idealTree:node_modules/minimatch Completed in 48ms
140 silly placeDep ROOT balanced-match@1.0.2 OK for: brace-expansion@1.1.12 want: ^1.0.0
141 silly placeDep ROOT concat-map@0.0.1 OK for: brace-expansion@1.1.12 want: 0.0.1
142 timing idealTree:node_modules/brace-expansion Completed in 2ms
143 timing idealTree:node_modules/balanced-match Completed in 0ms
144 timing idealTree:node_modules/concat-map Completed in 0ms
145 timing idealTree:node_modules/normalize-path Completed in 0ms
146 timing idealTree:node_modules/picomatch Completed in 1ms
147 timing idealTree:node_modules/pstree.remy Completed in 0ms
148 timing idealTree:node_modules/readdirp Completed in 0ms
149 timing idealTree:node_modules/semver Completed in 0ms
150 timing idealTree:node_modules/simple-update-notifier Completed in 0ms
151 silly placeDep ROOT has-flag@3.0.0 OK for: supports-color@5.5.0 want: ^3.0.0
152 timing idealTree:node_modules/supports-color Completed in 1ms
153 timing idealTree:node_modules/has-flag Completed in 0ms
154 silly placeDep ROOT is-number@7.0.0 OK for: to-regex-range@5.0.1 want: ^7.0.0
155 timing idealTree:node_modules/to-regex-range Completed in 1ms
156 timing idealTree:node_modules/is-number Completed in 0ms
157 timing idealTree:node_modules/touch Completed in 0ms
158 timing idealTree:node_modules/undefsafe Completed in 0ms
159 silly placeDep node_modules/nodemon ms@2.1.3 OK for: debug@4.4.3 want: ^2.1.3
160 timing idealTree:node_modules/nodemon/node_modules/debug Completed in 2ms
161 timing idealTree:node_modules/nodemon/node_modules/ms Completed in 0ms
162 timing idealTree:buildDeps Completed in 604ms
163 timing idealTree:fixDepFlags Completed in 1ms
164 timing idealTree Completed in 703ms
165 timing reify:loadTrees Completed in 704ms
166 timing reify:diffTrees Completed in 5ms
167 silly reify moves {}
168 timing reify:retireShallow Completed in 1ms
169 timing reify:createSparse Completed in 3ms
170 timing reify:loadBundles Completed in 0ms
171 silly audit bulk request {
171 silly audit   accepts: [ '1.3.8' ],
171 silly audit   'array-flatten': [ '1.1.1' ],
171 silly audit   'body-parser': [ '1.20.4' ],
171 silly audit   bytes: [ '3.1.2' ],
171 silly audit   'call-bind-apply-helpers': [ '1.0.2' ],
171 silly audit   'call-bound': [ '1.0.4' ],
171 silly audit   'content-disposition': [ '0.5.4' ],
171 silly audit   'content-type': [ '1.0.5' ],
171 silly audit   cookie: [ '0.7.2' ],
171 silly audit   'cookie-signature': [ '1.0.7' ],
171 silly audit   cors: [ '2.8.6' ],
171 silly audit   debug: [ '2.6.9', '4.4.3' ],
171 silly audit   depd: [ '2.0.0' ],
171 silly audit   destroy: [ '1.2.0' ],
171 silly audit   'dunder-proto': [ '1.0.1' ],
171 silly audit   'ee-first': [ '1.1.1' ],
171 silly audit   encodeurl: [ '2.0.0' ],
171 silly audit   'es-define-property': [ '1.0.1' ],
171 silly audit   'es-errors': [ '1.3.0' ],
171 silly audit   'es-object-atoms': [ '1.1.1' ],
171 silly audit   'escape-html': [ '1.0.3' ],
171 silly audit   etag: [ '1.8.1' ],
171 silly audit   express: [ '4.22.1' ],
171 silly audit   finalhandler: [ '1.3.2' ],
171 silly audit   forwarded: [ '0.2.0' ],
171 silly audit   fresh: [ '0.5.2' ],
171 silly audit   'function-bind': [ '1.1.2' ],
171 silly audit   'get-intrinsic': [ '1.3.0' ],
171 silly audit   'get-proto': [ '1.0.1' ],
171 silly audit   gopd: [ '1.2.0' ],
171 silly audit   'has-symbols': [ '1.1.0' ],
171 silly audit   hasown: [ '2.0.2' ],
171 silly audit   'http-errors': [ '2.0.1' ],
171 silly audit   'iconv-lite': [ '0.4.24' ],
171 silly audit   inherits: [ '2.0.4' ],
171 silly audit   'ipaddr.js': [ '1.9.1' ],
171 silly audit   'math-intrinsics': [ '1.1.0' ],
171 silly audit   'media-typer': [ '0.3.0' ],
171 silly audit   'merge-descriptors': [ '1.0.3' ],
171 silly audit   methods: [ '1.1.2' ],
171 silly audit   mime: [ '1.6.0' ],
171 silly audit   'mime-db': [ '1.52.0' ],
171 silly audit   'mime-types': [ '2.1.35' ],
171 silly audit   ms: [ '2.0.0', '2.1.3' ],
171 silly audit   negotiator: [ '0.6.3' ],
171 silly audit   'object-assign': [ '4.1.1' ],
171 silly audit   'object-inspect': [ '1.13.4' ],
171 silly audit   'on-finished': [ '2.4.1' ],
171 silly audit   parseurl: [ '1.3.3' ],
171 silly audit   'path-to-regexp': [ '0.1.12' ],
171 silly audit   'proxy-addr': [ '2.0.7' ],
171 silly audit   qs: [ '6.14.1' ],
171 silly audit   'range-parser': [ '1.2.1' ],
171 silly audit   'raw-body': [ '2.5.3' ],
171 silly audit   'safe-buffer': [ '5.2.1' ],
171 silly audit   'safer-buffer': [ '2.1.2' ],
171 silly audit   send: [ '0.19.2' ],
171 silly audit   'serve-static': [ '1.16.3' ],
171 silly audit   setprototypeof: [ '1.2.0' ],
171 silly audit   'side-channel': [ '1.1.0' ],
171 silly audit   'side-channel-list': [ '1.0.0' ],
171 silly audit   'side-channel-map': [ '1.0.1' ],
171 silly audit   'side-channel-weakmap': [ '1.0.2' ],
171 silly audit   statuses: [ '2.0.2' ],
171 silly audit   toidentifier: [ '1.0.1' ],
171 silly audit   'type-is': [ '1.6.18' ],
171 silly audit   unpipe: [ '1.0.0' ],
171 silly audit   'utils-merge': [ '1.0.1' ],
171 silly audit   vary: [ '1.1.2' ],
171 silly audit   nodemon: [ '3.1.11' ],
171 silly audit   chokidar: [ '3.6.0' ],
171 silly audit   'ignore-by-default': [ '1.0.1' ],
171 silly audit   minimatch: [ '3.1.2' ],
171 silly audit   'pstree.remy': [ '1.1.8' ],
171 silly audit   semver: [ '7.7.3' ],
171 silly audit   'simple-update-notifier': [ '2.0.0' ],
171 silly audit   'supports-color': [ '5.5.0' ],
171 silly audit   touch: [ '3.1.1' ],
171 silly audit   undefsafe: [ '2.0.5' ],
171 silly audit   anymatch: [ '3.1.3' ],
171 silly audit   braces: [ '3.0.3' ],
171 silly audit   fsevents: [ '2.3.3' ],
171 silly audit   'glob-parent': [ '5.1.2' ],
171 silly audit   'is-binary-path': [ '2.1.0' ],
171 silly audit   'is-glob': [ '4.0.3' ],
171 silly audit   'normalize-path': [ '3.0.0' ],
171 silly audit   readdirp: [ '3.6.0' ],
171 silly audit   picomatch: [ '2.3.1' ],
171 silly audit   'fill-range': [ '7.1.1' ],
171 silly audit   'to-regex-range': [ '5.0.1' ],
171 silly audit   'binary-extensions': [ '2.3.0' ],
171 silly audit   'is-extglob': [ '2.1.1' ],
171 silly audit   'brace-expansion': [ '1.1.12' ],
171 silly audit   'balanced-match': [ '1.0.2' ],
171 silly audit   'concat-map': [ '0.0.1' ],
171 silly audit   'has-flag': [ '3.0.0' ],
171 silly audit   'is-number': [ '7.0.0' ]
171 silly audit }
172 verbose reify failed optional dependency /root/festival/Backend/node_modules/fsevents
173 silly reify mark deleted [ '/root/festival/Backend/node_modules/fsevents' ]
174 timing reifyNode:node_modules/fsevents Completed in 11ms
175 silly tarball no local data for undefsafe@https://registry.npmjs.org/undefsafe/-/undefsafe-2.0.5.tgz. Extracting by manifest.
176 silly tarball no local data for touch@https://registry.npmjs.org/touch/-/touch-3.1.1.tgz. Extracting by manifest.
177 silly tarball no local data for simple-update-notifier@https://registry.npmjs.org/simple-update-notifier/-/simple-update-notifier-2.0.0.tgz. Extracting by manifest.
178 silly tarball no local data for pstree.remy@https://registry.npmjs.org/pstree.remy/-/pstree.remy-1.1.8.tgz. Extracting by manifest.
179 silly tarball no local data for ignore-by-default@https://registry.npmjs.org/ignore-by-default/-/ignore-by-default-1.0.1.tgz. Extracting by manifest.
180 silly tarball no local data for nodemon@https://registry.npmjs.org/nodemon/-/nodemon-3.1.11.tgz. Extracting by manifest.
181 http fetch POST 200 https://registry.npmjs.org/-/npm/v1/security/advisories/bulk 168ms
182 timing auditReport:getReport Completed in 173ms
183 silly audit report {}
184 timing auditReport:init Completed in 0ms
185 timing reify:audit Completed in 175ms
186 timing reifyNode:node_modules/is-number Completed in 182ms
187 timing reifyNode:node_modules/brace-expansion Completed in 182ms
188 timing reifyNode:node_modules/normalize-path Completed in 180ms
189 timing reifyNode:node_modules/has-flag Completed in 182ms
190 timing reifyNode:node_modules/is-extglob Completed in 181ms
191 timing reifyNode:node_modules/to-regex-range Completed in 183ms
192 timing reifyNode:node_modules/fill-range Completed in 183ms
193 timing reifyNode:node_modules/is-glob Completed in 183ms
194 timing reifyNode:node_modules/is-binary-path Completed in 184ms
195 timing reifyNode:node_modules/glob-parent Completed in 184ms
196 timing reifyNode:node_modules/anymatch Completed in 183ms
197 timing reifyNode:node_modules/supports-color Completed in 183ms
198 timing reifyNode:node_modules/nodemon/node_modules/ms Completed in 184ms
199 timing reifyNode:node_modules/balanced-match Completed in 188ms
200 timing reifyNode:node_modules/binary-extensions Completed in 191ms
201 timing reifyNode:node_modules/readdirp Completed in 191ms
202 timing reifyNode:node_modules/minimatch Completed in 191ms
203 http fetch GET 200 https://registry.npmjs.org/ignore-by-default/-/ignore-by-default-1.0.1.tgz 131ms (cache miss)
204 timing reifyNode:node_modules/ignore-by-default Completed in 196ms
205 timing reifyNode:node_modules/nodemon/node_modules/debug Completed in 196ms
206 timing reifyNode:node_modules/concat-map Completed in 200ms
207 http fetch GET 200 https://registry.npmjs.org/touch/-/touch-3.1.1.tgz 140ms (cache miss)
208 timing reifyNode:node_modules/touch Completed in 200ms
209 timing reifyNode:node_modules/braces Completed in 203ms
210 http fetch GET 200 https://registry.npmjs.org/undefsafe/-/undefsafe-2.0.5.tgz 145ms (cache miss)
211 http fetch GET 200 https://registry.npmjs.org/pstree.remy/-/pstree.remy-1.1.8.tgz 141ms (cache miss)
212 timing reifyNode:node_modules/picomatch Completed in 207ms
213 timing reifyNode:node_modules/chokidar Completed in 206ms
214 timing reifyNode:node_modules/undefsafe Completed in 207ms
215 timing reifyNode:node_modules/pstree.remy Completed in 208ms
216 http fetch GET 200 https://registry.npmjs.org/simple-update-notifier/-/simple-update-notifier-2.0.0.tgz 146ms (cache miss)
217 timing reifyNode:node_modules/simple-update-notifier Completed in 210ms
218 timing reifyNode:node_modules/semver Completed in 235ms
219 http fetch GET 200 https://registry.npmjs.org/nodemon/-/nodemon-3.1.11.tgz 189ms (cache miss)
220 timing reifyNode:node_modules/nodemon Completed in 261ms
221 timing reify:unpack Completed in 265ms
222 timing reify:unretire Completed in 1ms
223 timing build:queue Completed in 2ms
224 timing build:link:node_modules/nodemon Completed in 4ms
225 timing build:link:node_modules/semver Completed in 5ms
226 timing build:link:node_modules/touch Completed in 4ms
227 timing build:link Completed in 6ms
228 timing build:deps Completed in 9ms
229 timing build Completed in 9ms
230 timing reify:build Completed in 10ms
231 timing reify:trash Completed in 1ms
232 timing reify:save Completed in 35ms
233 timing reify Completed in 1068ms
234 silly ADD node_modules/is-number
235 silly ADD node_modules/has-flag
236 silly ADD node_modules/concat-map
237 silly ADD node_modules/balanced-match
238 silly ADD node_modules/brace-expansion
239 silly ADD node_modules/is-extglob
240 silly ADD node_modules/binary-extensions
241 silly ADD node_modules/to-regex-range
242 silly ADD node_modules/fill-range
243 silly ADD node_modules/picomatch
244 silly ADD node_modules/readdirp
245 silly ADD node_modules/normalize-path
246 silly ADD node_modules/is-glob
247 silly ADD node_modules/is-binary-path
248 silly ADD node_modules/glob-parent
249 silly ADD
250 silly ADD node_modules/braces
251 silly ADD node_modules/anymatch
252 silly ADD node_modules/undefsafe
253 silly ADD node_modules/touch
254 silly ADD node_modules/supports-color
255 silly ADD node_modules/simple-update-notifier
256 silly ADD node_modules/semver
257 silly ADD node_modules/pstree.remy
258 silly ADD node_modules/minimatch
259 silly ADD node_modules/ignore-by-default
260 silly ADD node_modules/chokidar
261 silly ADD node_modules/nodemon
262 silly ADD node_modules/nodemon/node_modules/ms
263 silly ADD node_modules/nodemon/node_modules/debug
264 timing command:install Completed in 1083ms
265 verbose exit 0
266 timing npm Completed in 1134ms
267 info ok
