0 verbose cli /usr/bin/node /usr/bin/npm
1 info using npm@9.2.0
2 info using node@v18.19.1
3 timing npm:load:whichnode Completed in 1ms
4 timing config:load:defaults Completed in 2ms
5 timing config:load:file:/usr/share/nodejs/npm/npmrc Completed in 5ms
6 timing config:load:builtin Completed in 5ms
7 timing config:load:cli Completed in 1ms
8 timing config:load:env Completed in 1ms
9 timing config:load:project Completed in 1ms
10 timing config:load:file:/root/.npmrc Completed in 0ms
11 timing config:load:user Completed in 1ms
12 timing config:load:file:/etc/npmrc Completed in 0ms
13 timing config:load:global Completed in 0ms
14 timing config:load:setEnvs Completed in 1ms
15 timing config:load Completed in 13ms
16 timing npm:load:configload Completed in 13ms
17 timing npm:load:mkdirpcache Completed in 1ms
18 timing npm:load:mkdirplogs Completed in 0ms
19 verbose title npm start
20 verbose argv "start"
21 timing npm:load:setTitle Completed in 2ms
22 timing config:load:flatten Completed in 3ms
23 timing npm:load:display Completed in 6ms
24 verbose logfile logs-max:10 dir:/root/.npm/_logs/2026-01-30T12_32_02_005Z-
25 verbose logfile /root/.npm/_logs/2026-01-30T12_32_02_005Z-debug-0.log
26 timing npm:load:logFile Completed in 12ms
27 timing npm:load:timers Completed in 0ms
28 timing npm:load:configScope Completed in 0ms
29 timing npm:load Completed in 35ms
30 silly logfile start cleaning logs, removing 1 files
31 silly logfile done cleaning log files
32 timing command:run-script Completed in 1ms
33 timing command:start Completed in 6ms
34 verbose stack Error: ENOENT: no such file or directory, open '/root/package.json'
35 verbose cwd /root
36 verbose Linux 6.14.0-1018-aws
37 verbose node v18.19.1
38 verbose npm  v9.2.0
39 error code ENOENT
40 error syscall open
41 error path /root/package.json
42 error errno -2
43 error enoent ENOENT: no such file or directory, open '/root/package.json'
44 error enoent This is related to npm not being able to find a file.
44 error enoent
45 verbose exit -2
46 timing npm Completed in 61ms
47 verbose code -2
48 error A complete log of this run can be found in:
48 error     /root/.npm/_logs/2026-01-30T12_32_02_005Z-debug-0.log
